******************************************************************************
                  TI ARM Linker PC v5.1.5                      
******************************************************************************
>> Linked Fri Aug 15 16:05:30 2014

OUTPUT FILE NAME:   <tm4c_confADCPin_test.out>
ENTRY POINT SYMBOL: "_c_int00"  address: 000008bd


MEMORY CONFIGURATION

         name            origin    length      used     unused   attr    fill
----------------------  --------  ---------  --------  --------  ----  --------
  FLASH                 00000000   00040000  00000c62  0003f39e  R  X
  SRAM                  20000000   00008000  00000214  00007dec  RW X


SEGMENT ALLOCATION MAP

run origin  load origin   length   init length attrs members
----------  ----------- ---------- ----------- ----- -------
00000000    00000000    00000c68   00000c68    r-x
  00000000    00000000    0000026c   0000026c    r-- .intvecs
  0000026c    0000026c    000008ca   000008ca    r-x .text
  00000b38    00000b38    0000010c   0000010c    r-- .const
  00000c48    00000c48    00000020   00000020    r-- .cinit
20000000    20000000    00000214   00000000    rw-
  20000000    20000000    00000200   00000000    rw- .stack
  20000200    20000200    00000014   00000000    rw- .data


SECTION ALLOCATION MAP

 output                                  attributes/
section   page    origin      length       input sections
--------  ----  ----------  ----------   ----------------
.intvecs   0    00000000    0000026c     
                  00000000    0000026c     tm4c123gh6pm_startup_ccs.obj (.intvecs)

.init_array 
*          0    00000000    00000000     UNINITIALIZED

.text      0    0000026c    000008ca     
                  0000026c    00000130     driverlib.lib : gpio.obj (.text:GPIOPadConfigSet)
                  0000039c    00000108     main.obj (.text)
                  000004a4    00000104     driverlib.lib : sysctl.obj (.text:SysCtlClockSet)
                  000005a8    0000009c     rtsv7M4_T_le_v4SPD16_eabi.lib : memcpy_t2.obj (.text)
                  00000644    00000094                                   : auto_init.obj (.text)
                  000006d8    00000070     driverlib.lib : adc.obj (.text:ADCSequenceStepConfigure)
                  00000748    00000060                   : interrupt.obj (.text:IntEnable)
                  000007a8    0000005e     rtsv7M4_T_le_v4SPD16_eabi.lib : copy_decompress_rle.obj (.text)
                  00000806    00000002     --HOLE-- [fill = 0]
                  00000808    0000005c     driverlib.lib : timer.obj (.text:TimerConfigure)
                  00000864    00000058                   : timer.obj (.text:TimerControlTrigger)
                  000008bc    00000048     rtsv7M4_T_le_v4SPD16_eabi.lib : boot.obj (.text)
                  00000904    00000044                                   : cpy_tbl.obj (.text)
                  00000948    00000044                                   : exit.obj (.text)
                  0000098c    00000034     driverlib.lib : sysctl.obj (.text:SysCtlPeripheralEnable)
                  000009c0    0000002c                   : adc.obj (.text:ADCSequenceConfigure)
                  000009ec    0000002a                   : gpio.obj (.text:GPIODirModeSet)
                  00000a16    00000002     --HOLE-- [fill = 0]
                  00000a18    00000024                   : interrupt.obj (.text:IntPrioritySet)
                  00000a3c    00000020                   : sysctl.obj (.text:SysCtlADCSpeedSet)
                  00000a5c    00000018                   : gpio.obj (.text:GPIOPinTypeGPIOOutput)
                  00000a74    00000018     rtsv7M4_T_le_v4SPD16_eabi.lib : args_main.obj (.text)
                  00000a8c    00000014                                   : _lock.obj (.text)
                  00000aa0    00000012     driverlib.lib : gpio.obj (.text:GPIOPinTypeADC)
                  00000ab2    00000012                   : timer.obj (.text:TimerLoadSet)
                  00000ac4    00000010                   : adc.obj (.text:ADCIntEnable)
                  00000ad4    0000000e                   : adc.obj (.text:ADCSequenceEnable)
                  00000ae2    0000000e                   : timer.obj (.text:TimerEnable)
                  00000af0    0000000e     rtsv7M4_T_le_v4SPD16_eabi.lib : copy_decompress_none.obj (.text:decompress:none)
                  00000afe    0000000c     driverlib.lib : cpu.obj (.text:CPUcpsie)
                  00000b0a    0000000c     tm4c123gh6pm_startup_ccs.obj (.text)
                  00000b16    0000000a     driverlib.lib : adc.obj (.text:ADCIntClear)
                  00000b20    0000000a                   : interrupt.obj (.text:IntMasterEnable)
                  00000b2a    00000006                   : sysctl.obj (.text:SysCtlDelay)
                  00000b30    00000006     rtsv7M4_T_le_v4SPD16_eabi.lib : copy_decompress_rle.obj (.text:decompress:rle24)

.const     0    00000b38    0000010c     
                  00000b38    0000009c     driverlib.lib : interrupt.obj (.const:g_pui32Regs)
                  00000bd4    00000070                   : interrupt.obj (.const)

.cinit     0    00000c48    00000020     
                  00000c48    0000000f     (.cinit..data.load) [load image, compression = rle]
                  00000c57    00000001     --HOLE-- [fill = 0]
                  00000c58    00000008     (__TI_handler_table)
                  00000c60    00000008     (__TI_cinit_table)

.stack     0    20000000    00000200     UNINITIALIZED
                  20000000    00000200     --HOLE--

.data      0    20000200    00000014     UNINITIALIZED
                  20000200    00000008     rtsv7M4_T_le_v4SPD16_eabi.lib : _lock.obj (.data)
                  20000208    00000008                                   : exit.obj (.data)
                  20000210    00000004                                   : stkdepth_vars.obj (.data)


LINKER GENERATED COPY TABLES

__TI_cinit_table @ 00000c60 records: 1, size/record: 8, table size: 8
	.data: load addr=00000c48, load size=0000000f bytes, run addr=20000200, run size=00000014 bytes, compression=rle


LINKER GENERATED HANDLER TABLE

__TI_handler_table @ 00000c58 records: 2, size/record: 4, table size: 8
	index: 0, handler: __TI_decompress_rle24
	index: 1, handler: __TI_decompress_none


GLOBAL SYMBOLS: SORTED ALPHABETICALLY BY Name 

address    name
--------   ----
000003b9   ADC0SS3_Init
00000b17   ADCIntClear
00000ac5   ADCIntEnable
000009c1   ADCSequenceConfigure
00000ad5   ADCSequenceEnable
000006d9   ADCSequenceStepConfigure
00000949   C$$EXIT
00000aff   CPUcpsie
000009ed   GPIODirModeSet
0000026d   GPIOPadConfigSet
00000aa1   GPIOPinTypeADC
00000a5d   GPIOPinTypeGPIOOutput
00000749   IntEnable
00000b21   IntMasterEnable
00000a19   IntPrioritySet
00000457   Int_ADC0SS3
00000b0b   ResetISR
UNDEFED    SHT$$INIT_ARRAY$$Base
UNDEFED    SHT$$INIT_ARRAY$$Limit
00000a3d   SysCtlADCSpeedSet
000004a5   SysCtlClockSet
00000b2b   SysCtlDelay
0000098d   SysCtlPeripheralEnable
0000040d   Timer0_Init
00000809   TimerConfigure
00000865   TimerControlTrigger
00000ae3   TimerEnable
00000ab3   TimerLoadSet
20000200   __STACK_END
00000200   __STACK_SIZE
20000200   __STACK_TOP
00000c60   __TI_CINIT_Base
00000c68   __TI_CINIT_Limit
00000c58   __TI_Handler_Table_Base
00000c60   __TI_Handler_Table_Limit
00000001   __TI_args_main
00000645   __TI_auto_init
20000208   __TI_cleanup_ptr
00000af1   __TI_decompress_none
00000b31   __TI_decompress_rle24
2000020c   __TI_dtors_ptr
00000000   __TI_static_base__
000005a9   __aeabi_memcpy
000005a9   __aeabi_memcpy4
000005a9   __aeabi_memcpy8
ffffffff   __binit__
ffffffff   __c_args__
20000000   __stack
00000a75   _args_main
000008bd   _c_int00
20000200   _lock
00000a9b   _nop
00000a93   _register_lock
00000a8d   _register_unlock
20000204   _unlock
0000094d   abort
ffffffff   binit
0000043f   configurarLEDs
00000905   copy_in
00000955   exit
00000000   g_pfnVectors
0000039d   main
20000210   main_func_sp
000005a9   memcpy


GLOBAL SYMBOLS: SORTED BY Symbol Address 

address    name
--------   ----
00000000   __TI_static_base__
00000000   g_pfnVectors
00000001   __TI_args_main
00000200   __STACK_SIZE
0000026d   GPIOPadConfigSet
0000039d   main
000003b9   ADC0SS3_Init
0000040d   Timer0_Init
0000043f   configurarLEDs
00000457   Int_ADC0SS3
000004a5   SysCtlClockSet
000005a9   __aeabi_memcpy
000005a9   __aeabi_memcpy4
000005a9   __aeabi_memcpy8
000005a9   memcpy
00000645   __TI_auto_init
000006d9   ADCSequenceStepConfigure
00000749   IntEnable
00000809   TimerConfigure
00000865   TimerControlTrigger
000008bd   _c_int00
00000905   copy_in
00000949   C$$EXIT
0000094d   abort
00000955   exit
0000098d   SysCtlPeripheralEnable
000009c1   ADCSequenceConfigure
000009ed   GPIODirModeSet
00000a19   IntPrioritySet
00000a3d   SysCtlADCSpeedSet
00000a5d   GPIOPinTypeGPIOOutput
00000a75   _args_main
00000a8d   _register_unlock
00000a93   _register_lock
00000a9b   _nop
00000aa1   GPIOPinTypeADC
00000ab3   TimerLoadSet
00000ac5   ADCIntEnable
00000ad5   ADCSequenceEnable
00000ae3   TimerEnable
00000af1   __TI_decompress_none
00000aff   CPUcpsie
00000b0b   ResetISR
00000b17   ADCIntClear
00000b21   IntMasterEnable
00000b2b   SysCtlDelay
00000b31   __TI_decompress_rle24
00000c58   __TI_Handler_Table_Base
00000c60   __TI_CINIT_Base
00000c60   __TI_Handler_Table_Limit
00000c68   __TI_CINIT_Limit
20000000   __stack
20000200   __STACK_END
20000200   __STACK_TOP
20000200   _lock
20000204   _unlock
20000208   __TI_cleanup_ptr
2000020c   __TI_dtors_ptr
20000210   main_func_sp
ffffffff   __binit__
ffffffff   __c_args__
ffffffff   binit
UNDEFED    SHT$$INIT_ARRAY$$Base
UNDEFED    SHT$$INIT_ARRAY$$Limit

[64 symbols]
